// Jest Snapshot v1, https://goo.gl/fbAQLP

exports[`DynamicDataDisplay Component matches the snapshot of the DynamicDataDisplay 1`] = `
<div>
  <div
    class="mt-4 p-6 bg-white shadow-md rounded-lg"
  >
    <div
      class="flex flex-col items-center text-center text-gray-500"
    >
      <svg
        class="animate-bounce text-5xl text-blue-500 mb-2"
        fill="currentColor"
        height="1em"
        stroke="currentColor"
        stroke-width="0"
        viewBox="0 0 640 512"
        width="1em"
        xmlns="http://www.w3.org/2000/svg"
      >
        <path
          d="M32,224H64V416H32A31.96166,31.96166,0,0,1,0,384V256A31.96166,31.96166,0,0,1,32,224Zm512-48V448a64.06328,64.06328,0,0,1-64,64H160a64.06328,64.06328,0,0,1-64-64V176a79.974,79.974,0,0,1,80-80H288V32a32,32,0,0,1,64,0V96H464A79.974,79.974,0,0,1,544,176ZM264,256a40,40,0,1,0-40,40A39.997,39.997,0,0,0,264,256Zm-8,128H192v32h64Zm96,0H288v32h64ZM456,256a40,40,0,1,0-40,40A39.997,39.997,0,0,0,456,256Zm-8,128H384v32h64ZM640,256V384a31.96166,31.96166,0,0,1-32,32H576V224h32A31.96166,31.96166,0,0,1,640,256Z"
        />
      </svg>
      <span
        class="text-xl font-semibold mb-2"
      >
        Hold tight, we're crunching some numbers
      </span>
      <p
        class="text-sm"
      >
        This may take up to 60 seconds, but itâ€™ll be worth the wait!
      </p>
    </div>
  </div>
</div>
`;
