// Jest Snapshot v1, https://goo.gl/fbAQLP

exports[`RecommendCardGrid matches the snapshot of the RecommendCardGrid 1`] = `
<div>
  <div
    class="grid grid-cols-1 sm:grid-cols-2 lg:grid-cols-3 gap-6"
  >
    <div
      class="group p-4 border rounded-lg cursor-pointer transition-transform transform border-gray-200 hover:border-blue-500 hover:scale-105"
    >
      <div
        class="relative w-full h-48 mb-4"
      >
        <span
          style="box-sizing: border-box; display: block; overflow: hidden; background: none; opacity: 1; border: 0px; margin: 0px; padding: 0px; position: absolute; top: 0px; left: 0px; bottom: 0px; right: 0px;"
        >
          <img
            alt="Song One track"
            class="rounded-lg"
            data-nimg="fill"
            decoding="async"
            src="data:image/gif;base64,R0lGODlhAQABAIAAAAAAAP///yH5BAEAAAAALAAAAAABAAEAAAIBRAA7"
            style="position: absolute; top: 0px; left: 0px; bottom: 0px; right: 0px; box-sizing: border-box; padding: 0px; margin: auto; display: block; width: 0px; height: 0px; min-width: 100%; max-width: 100%; min-height: 100%; max-height: 100%; object-fit: cover;"
          />
          <noscript />
        </span>
      </div>
      <h4
        class="text-lg font-bold text-gray-900"
      >
        Song One
      </h4>
      <p
        class="text-sm text-gray-600"
      >
        Artist One
      </p>
      <div
        class="mt-4"
      >
        <h5
          class="text-sm font-semibold"
        >
          Feature Difference
        </h5>
        <div
          class="recharts-responsive-container"
          style="width: 100%; height: 200px; min-width: 0;"
        />
      </div>
    </div>
    <div
      class="group p-4 border rounded-lg cursor-pointer transition-transform transform border-gray-200 hover:border-blue-500 hover:scale-105"
    >
      <div
        class="relative w-full h-48 mb-4"
      >
        <span
          style="box-sizing: border-box; display: block; overflow: hidden; background: none; opacity: 1; border: 0px; margin: 0px; padding: 0px; position: absolute; top: 0px; left: 0px; bottom: 0px; right: 0px;"
        >
          <img
            alt="Song Two track"
            class="rounded-lg"
            data-nimg="fill"
            decoding="async"
            src="data:image/gif;base64,R0lGODlhAQABAIAAAAAAAP///yH5BAEAAAAALAAAAAABAAEAAAIBRAA7"
            style="position: absolute; top: 0px; left: 0px; bottom: 0px; right: 0px; box-sizing: border-box; padding: 0px; margin: auto; display: block; width: 0px; height: 0px; min-width: 100%; max-width: 100%; min-height: 100%; max-height: 100%; object-fit: cover;"
          />
          <noscript />
        </span>
      </div>
      <h4
        class="text-lg font-bold text-gray-900"
      >
        Song Two
      </h4>
      <p
        class="text-sm text-gray-600"
      >
        Artist Two
      </p>
      <div
        class="mt-4"
      >
        <h5
          class="text-sm font-semibold"
        >
          Feature Difference
        </h5>
        <div
          class="recharts-responsive-container"
          style="width: 100%; height: 200px; min-width: 0;"
        />
      </div>
    </div>
    <div
      class="group p-4 border rounded-lg cursor-pointer transition-transform transform border-gray-200 hover:border-blue-500 hover:scale-105"
    >
      <div
        class="relative w-full h-48 mb-4"
      >
        <span
          style="box-sizing: border-box; display: block; overflow: hidden; background: none; opacity: 1; border: 0px; margin: 0px; padding: 0px; position: absolute; top: 0px; left: 0px; bottom: 0px; right: 0px;"
        >
          <img
            alt="Song Three track"
            class="rounded-lg"
            data-nimg="fill"
            decoding="async"
            src="data:image/gif;base64,R0lGODlhAQABAIAAAAAAAP///yH5BAEAAAAALAAAAAABAAEAAAIBRAA7"
            style="position: absolute; top: 0px; left: 0px; bottom: 0px; right: 0px; box-sizing: border-box; padding: 0px; margin: auto; display: block; width: 0px; height: 0px; min-width: 100%; max-width: 100%; min-height: 100%; max-height: 100%; object-fit: cover;"
          />
          <noscript />
        </span>
      </div>
      <h4
        class="text-lg font-bold text-gray-900"
      >
        Song Three
      </h4>
      <p
        class="text-sm text-gray-600"
      >
        Artist Three
      </p>
      <div
        class="mt-4"
      >
        <h5
          class="text-sm font-semibold"
        >
          Feature Difference
        </h5>
        <div
          class="recharts-responsive-container"
          style="width: 100%; height: 200px; min-width: 0;"
        />
      </div>
    </div>
  </div>
</div>
`;
